\BOOKMARK [1][-]{Doc-Start}{\376\377\000C\000o\000n\000c\000e\000i\000t\000o\000s\000\040\000F\000u\000n\000d\000a\000m\000e\000n\000t\000a\000i\000s\000\040\000p\000a\000r\000a\000\040\000o\000\040\000L\000e\000i\000t\000o\000r}{}% 1
\BOOKMARK [2][-]{Item.3}{\376\377\000\050\000F\000i\000m\000\040\000d\000o\000s\000\040\000C\000o\000n\000c\000e\000i\000t\000o\000s\000\040\000F\000u\000n\000d\000a\000m\000e\000n\000t\000a\000i\000s\000\051}{Doc-Start}% 2
\BOOKMARK [1][-]{Item.3}{\376\377\000T\000r\000a\000b\000a\000l\000h\000o\000s\000\040\000r\000e\000l\000a\000c\000i\000o\000n\000a\000d\000o\000s}{}% 3
\BOOKMARK [1][-]{section.1}{\376\377\000L\000i\000n\000h\000a\000\040\000d\000o\000\040\000t\000e\000m\000p\000o}{}% 4
\BOOKMARK [1][-]{section.2}{\376\377\000N\000o\000t\000e\000b\000o\000o\000k\000\040\0000\0001\000\040\040\024\000\040\000D\000e\000g\000r\000a\000d\000a\000\347\000\343\000o\000\040\000e\000\040\000d\000i\000a\000g\000n\000\363\000s\000t\000i\000c\000o\000\040\000\050\000M\000\352\000s\000\040\0001\000\051}{}% 5
\BOOKMARK [2][-]{subsection.2.1}{\376\377\000M\000o\000t\000i\000v\000a\000\347\000\343\000o}{section.2}% 6
\BOOKMARK [2][-]{subsection.2.2}{\376\377\000E\000n\000t\000r\000e\000g\000a\000s}{section.2}% 7
\BOOKMARK [2][-]{subsection.2.3}{\376\377\000D\000e\000c\000i\000s\000\365\000e\000s\000\040\000d\000e\000\040\000d\000e\000s\000i\000g\000n\000\040\000e\000\040\000l\000i\000m\000i\000t\000a\000\347\000\365\000e\000s\000\040\000r\000e\000s\000o\000l\000v\000i\000d\000a\000s}{section.2}% 8
\BOOKMARK [2][-]{subsection.2.4}{\376\377\000M\000\351\000t\000o\000d\000o\000s\000\040\000d\000e\000s\000c\000r\000i\000t\000i\000v\000o\000s\000\040\000e\000m\000p\000r\000e\000g\000a\000d\000o\000s}{section.2}% 9
\BOOKMARK [2][-]{subsection.2.5}{\376\377\000R\000e\000s\000u\000l\000t\000a\000d\000o\000s\000\040\000d\000e\000s\000c\000r\000i\000t\000i\000v\000o\000s}{section.2}% 10
\BOOKMARK [3][-]{subsubsection.2.5.1}{\376\377\000A\000D\000E\000\040\000p\000o\000r\000\040\000j\000o\000g\000o\000\040\000a\000o\000\040\000l\000o\000n\000g\000o\000\040\000d\000o\000s\000\040\000a\000n\000o\000s}{subsection.2.5}% 11
\BOOKMARK [3][-]{subsubsection.2.5.2}{\376\377\000C\000a\000u\000d\000a\000\040\000d\000o\000\040\000e\000r\000r\000o\000:\000\040\000r\000a\000z\000\343\000o\000\040\000p\0009\0009\000/\000p\0005\0000}{subsection.2.5}% 12
\BOOKMARK [3][-]{subsubsection.2.5.3}{\376\377\000H\000i\000s\000t\000o\000g\000r\000a\000m\000a\000\040\000d\000e\000\040\000A\000D\000E\000:\000\040\0002\0000\0001\0009\000\040\000v\000s\000.\000\040\0002\0000\0002\0005}{subsection.2.5}% 13
\BOOKMARK [3][-]{subsubsection.2.5.4}{\376\377\000D\000r\000i\000f\000t\000\040\000p\000o\000r\000\040\000j\000a\000n\000e\000l\000a\000\040\000\050\000i\000n\000t\000r\000a\000-\000j\000o\000g\000o\000\051}{subsection.2.5}% 14
\BOOKMARK [3][-]{subsubsection.2.5.5}{\376\377\000A\000D\000E\000\040\000v\000s\000.\000\040\000f\000e\000a\000t\000u\000r\000e\000s\000\040\000c\000i\000n\000e\000m\000\341\000t\000i\000c\000a\000s}{subsection.2.5}% 15
\BOOKMARK [3][-]{subsubsection.2.5.6}{\376\377\000M\000a\000p\000a\000\040\000d\000e\000\040\000c\000o\000r\000r\000e\000l\000a\000\347\000\365\000e\000s}{subsection.2.5}% 16
\BOOKMARK [1][-]{section.3}{\376\377\000N\000o\000t\000e\000b\000o\000o\000k\000\040\0000\0002\000\040\040\024\000\040\000D\000e\000t\000e\000c\000\347\000\343\000o\000\040\000n\000o\000\040\000s\000t\000r\000e\000a\000m\000\040\000\050\000M\000\352\000s\000\040\0002\000\051}{}% 17
\BOOKMARK [2][-]{subsection.3.1}{\376\377\000C\000o\000n\000c\000e\000p\000t\000\040\000d\000r\000i\000f\000t\000\040\000o\000n\000l\000i\000n\000e\000\040\000\050\000A\000D\000W\000I\000N\000\040\000+\000\040\000P\000a\000g\000e\000-\000H\000i\000n\000k\000l\000e\000y\000\051}{section.3}% 18
\BOOKMARK [2][-]{subsection.3.2}{\376\377\000C\000o\000v\000a\000r\000i\000a\000t\000e\000\040\000s\000h\000i\000f\000t\000\040\000o\000n\000l\000i\000n\000e\000\040\000\050\000K\000S\000W\000I\000N\000\051}{section.3}% 19
\BOOKMARK [2][-]{subsection.3.3}{\376\377\000D\000e\000t\000e\000c\000\347\000\343\000o\000\040\000o\000f\000f\000l\000i\000n\000e\000\040\000\050\000P\000e\000l\000t\000\051}{section.3}% 20
\BOOKMARK [2][-]{subsection.3.4}{\376\377\000R\000o\000b\000u\000s\000t\000e\000z\000\040\000d\000o\000s\000\040\000d\000e\000t\000e\000c\000t\000o\000r\000e\000s\000:\000\040\000n\000u\000l\000l\000\040\000e\000\040\000l\000a\000t\000\352\000n\000c\000i\000a}{section.3}% 21
\BOOKMARK [1][-]{section.4}{\376\377\000I\000t\000e\000r\000a\000\347\000\343\000o\000\040\000c\000r\000\355\000t\000i\000c\000a\000\040\000e\000\040\000m\000e\000l\000h\000o\000r\000i\000a\000s\000\040\000i\000n\000c\000o\000r\000p\000o\000r\000a\000d\000a\000s}{}% 22
\BOOKMARK [2][-]{subsection.4.1}{\376\377\000I\000n\000t\000e\000g\000r\000i\000d\000a\000d\000e\000\040\000d\000o\000s\000\040\000d\000a\000d\000o\000s}{section.4}% 23
\BOOKMARK [2][-]{subsection.4.2}{\376\377\000C\000a\000l\000i\000b\000r\000a\000\347\000\343\000o\000\040\000e\000s\000t\000a\000t\000\355\000s\000t\000i\000c\000a}{section.4}% 24
\BOOKMARK [2][-]{subsection.4.3}{\376\377\000A\000n\000\341\000l\000i\000s\000e\000s\000\040\000a\000d\000i\000c\000i\000o\000n\000a\000d\000a\000s}{section.4}% 25
\BOOKMARK [1][-]{section.5}{\376\377\000N\000o\000t\000e\000b\000o\000o\000k\000\040\0000\0003\000\040\040\024\000\040\000C\000o\000v\000a\000r\000i\000a\000t\000e\000\040\000s\000h\000i\000f\000t\000\040\000e\000\040\000e\000x\000p\000l\000i\000c\000a\000\347\000\343\000o\000\040\000\050\000M\000\352\000s\000\040\0003\000\051}{}% 26
\BOOKMARK [2][-]{subsection.5.1}{\376\377\000I\000m\000p\000o\000r\000t\000a\000n\000c\000e\000\040\000w\000e\000i\000g\000h\000t\000i\000n\000g\000\040\000\050\000L\000S\000I\000F\000\051}{section.5}% 27
\BOOKMARK [2][-]{subsection.5.2}{\376\377\000D\000e\000c\000o\000m\000p\000o\000s\000i\000\347\000\343\000o\000\040\000p\000o\000r\000\040\000f\000e\000a\000t\000u\000r\000e}{section.5}% 28
\BOOKMARK [2][-]{subsection.5.3}{\376\377\000V\000a\000l\000i\000d\000a\000\347\000\343\000o\000\040\000p\000o\000r\000\040\000d\000i\000v\000i\000s\000\343\000o}{section.5}% 29
\BOOKMARK [2][-]{subsection.5.4}{\376\377\000R\000e\000t\000r\000e\000i\000n\000o\000\040\000s\000e\000l\000e\000t\000i\000v\000o\000\040\000n\000o\000s\000\040\000b\000r\000e\000a\000k\000p\000o\000i\000n\000t\000s}{section.5}% 30
\BOOKMARK [1][-]{section.6}{\376\377\000N\000o\000t\000e\000b\000o\000o\000k\000\040\0000\0004\000\040\040\024\000\040\000R\000o\000b\000u\000s\000t\000e\000z\000\040\000e\000\040\000v\000a\000l\000i\000d\000a\000\347\000\343\000o\000\040\000\050\000M\000e\000s\000e\000s\000\040\0004\040\023\0006\000\051}{}% 31
\BOOKMARK [2][-]{subsection.6.1}{\376\377\000M\000\352\000s\000\040\0004\000\040\040\024\000\040\000R\000e\000-\000e\000x\000e\000c\000u\000\347\000\343\000o\000\040\000c\000o\000m\000\040\000b\000a\000s\000e\000l\000i\000n\000e\000\040\000c\000o\000m\000p\000l\000e\000t\000o}{section.6}% 32
\BOOKMARK [2][-]{subsection.6.2}{\376\377\000M\000\352\000s\000\040\0005\000\040\040\024\000\040\000R\000o\000b\000u\000s\000t\000e\000z\000\040\000a\000d\000i\000c\000i\000o\000n\000a\000l}{section.6}% 33
\BOOKMARK [3][-]{subsubsection.6.2.1}{\376\377\000S\000a\000m\000p\000l\000e\000-\000s\000i\000z\000e\000\040\000s\000w\000e\000e\000p\000\040\000d\000o\000\040\000b\000a\000s\000e\000l\000i\000n\000e}{subsection.6.2}% 34
\BOOKMARK [3][-]{subsubsection.6.2.2}{\376\377\000D\000r\000i\000f\000t\000\040\000p\000e\000r\000\040\000g\000a\000m\000e\000\040\000\050\000P\000a\000g\000e\000-\000H\000i\000n\000k\000l\000e\000y\000\040\000e\000m\000\040\000A\000D\000E\000\040\000m\000\351\000d\000i\000o\000\040\000p\000o\000r\000\040\000j\000o\000g\000o\000\051}{subsection.6.2}% 35
\BOOKMARK [2][-]{subsection.6.3}{\376\377\000M\000\352\000s\000\040\0006\000\040\040\024\000\040\000C\000o\000r\000r\000e\000\347\000\343\000o\000\040\000m\000e\000t\000o\000d\000o\000l\000\363\000g\000i\000c\000a}{section.6}% 36
\BOOKMARK [1][-]{section.7}{\376\377\000M\000\352\000s\000\040\0007\000\040\040\024\000\040\000E\000W\000C\000\040\000e\000\040\000r\000e\000s\000u\000l\000t\000a\000d\000o\000\040\000n\000e\000g\000a\000t\000i\000v\000o\000\040\000d\000o\000\040\000f\000i\000n\000e\000-\000t\000u\000n\000i\000n\000g\000\040\000i\000n\000g\000\352\000n\000u\000o}{}% 37
\BOOKMARK [2][-]{subsection.7.1}{\376\377\000I\000m\000p\000l\000e\000m\000e\000n\000t\000a\000\347\000\343\000o\000\040\000d\000o\000\040\000E\000W\000C}{section.7}% 38
\BOOKMARK [2][-]{subsection.7.2}{\376\377\000R\000e\000s\000u\000l\000t\000a\000d\000o\000s\000\040\040\024\000\040\000e\000w\000c\000\137\000r\000e\000s\000u\000l\000t\000s\000.\000c\000s\000v}{section.7}% 39
\BOOKMARK [1][-]{section.8}{\376\377\000M\000\352\000s\000\040\0009\000\040\040\024\000\040\000O\000t\000i\000m\000i\000z\000a\000\347\000\343\000o\000\040\000d\000o\000s\000\040\000d\000e\000t\000e\000c\000t\000o\000r\000e\000s\000\040\000o\000n\000l\000i\000n\000e}{}% 40
\BOOKMARK [2][-]{subsection.8.1}{\376\377\000O\000b\000j\000e\000t\000i\000v\000o\000\040\000e\000\040\000e\000s\000t\000r\000u\000t\000u\000r\000a\000\040\000e\000m\000\040\000q\000u\000a\000t\000r\000o\000\040\000f\000a\000s\000e\000s}{section.8}% 41
\BOOKMARK [2][-]{subsection.8.2}{\376\377\000F\000a\000s\000e\000\040\0001\000\040\040\024\000\040\000G\000a\000l\000e\000r\000i\000a\000\040\000d\000e\000\040\000s\000u\000a\000v\000i\000z\000a\000\347\000\343\000o\000\040\000\050\0002\0002\000\040\000e\000x\000p\000e\000r\000i\000m\000e\000n\000t\000o\000s\000\051}{section.8}% 42
\BOOKMARK [3][-]{subsubsection.8.2.1}{\376\377\000S\000e\000t\000u\000p\000\040\000e\000\040\000c\000r\000i\000t\000\351\000r\000i\000o}{subsection.8.2}% 43
\BOOKMARK [3][-]{subsubsection.8.2.2}{\376\377\000G\000a\000l\000e\000r\000i\000a\000\040\000c\000o\000m\000p\000a\000r\000a\000t\000i\000v\000a\000\040\040\024\000\040\0002\0002\000\040\000e\000x\000p\000e\000r\000i\000m\000e\000n\000t\000o\000s}{subsection.8.2}% 44
\BOOKMARK [3][-]{subsubsection.8.2.3}{\376\377\000R\000e\000s\000u\000m\000o\000\040\000n\000u\000m\000\351\000r\000i\000c\000o\000\040\000F\000a\000s\000e\000\040\0001}{subsection.8.2}% 45
\BOOKMARK [2][-]{subsection.8.3}{\376\377\000F\000a\000s\000e\000\040\0002\000\040\040\024\000\040\000G\000r\000i\000d\000\040\000s\000e\000a\000r\000c\000h\000\040\0001\0007\0004\000\040\000c\000o\000n\000f\000i\000g\000s\000\040\000e\000m\000\040\000t\000r\000\352\000s\000\040\000f\000r\000e\000n\000t\000e\000s}{section.8}% 46
\BOOKMARK [3][-]{subsubsection.8.3.1}{\376\377\000S\000e\000t\000u\000p}{subsection.8.3}% 47
\BOOKMARK [3][-]{subsubsection.8.3.2}{\376\377\000H\000e\000a\000t\000m\000a\000p\000s\000\040\000d\000a\000s\000\040\000t\000r\000\352\000s\000\040\000f\000r\000e\000n\000t\000e\000s\000\040\000\050\000s\000e\000l\000e\000\347\000\343\000o\000\040\000p\000o\000s\000t\000e\000r\000i\000o\000r\000\051}{subsection.8.3}% 48
\BOOKMARK [3][-]{subsubsection.8.3.3}{\376\377\000T\000o\000p\000-\0005\000\040\000s\000t\000r\000e\000a\000m\000s\000\040\000d\000a\000s\000\040\000t\000r\000\352\000s\000\040\000f\000r\000e\000n\000t\000e\000s}{subsection.8.3}% 49
\BOOKMARK [3][-]{subsubsection.8.3.4}{\376\377\000P\000a\000d\000r\000\343\000o\000\040\000p\000o\000r\000\040\000a\000n\000o\000\040\000n\000a\000s\000\040\000t\000r\000\352\000s\000\040\000f\000r\000e\000n\000t\000e\000s}{subsection.8.3}% 50
\BOOKMARK [2][-]{subsection.8.4}{\376\377\000F\000a\000s\000e\000\040\0003\000\040\040\024\000\040\000E\000n\000s\000e\000m\000b\000l\000e\000\040\000t\000e\000m\000p\000o\000r\000a\000l\000\040\000A\000N\000D\000/\000O\000R\000\040\000d\000o\000i\000s\000\040\000a\000n\000d\000a\000r\000e\000s}{section.8}% 51
\BOOKMARK [3][-]{subsubsection.8.4.1}{\376\377\000C\000o\000n\000f\000i\000g\000\040\000d\000o\000\040\000e\000n\000s\000e\000m\000b\000l\000e}{subsection.8.4}% 52
\BOOKMARK [3][-]{subsubsection.8.4.2}{\376\377\000R\000e\000s\000u\000l\000t\000a\000d\000o\000s}{subsection.8.4}% 53
\BOOKMARK [3][-]{subsubsection.8.4.3}{\376\377\000S\000w\000e\000e\000p\000\040\000W\000c\000o\000i\000n\000c\000i\000d\000e\000n\000c\000e\000\040\000e\000\040\000d\000e\000s\000c\000o\000b\000e\000r\000t\000a\000\040\000e\000s\000t\000r\000u\000t\000u\000r\000a\000l}{subsection.8.4}% 54
\BOOKMARK [2][-]{subsection.8.5}{\376\377\000F\000a\000s\000e\000\040\0004\000\040\040\024\000\040\000C\000o\000n\000s\000o\000l\000i\000d\000a\000\347\000\343\000o\000\040\000c\000i\000e\000n\000t\000\355\000f\000i\000c\000a}{section.8}% 55
\BOOKMARK [3][-]{subsubsection.8.5.1}{\376\377\000F\000i\000l\000t\000r\000o\000\040\000d\000e\000\040\000e\000l\000e\000g\000i\000b\000i\000l\000i\000d\000a\000d\000e\000\040\000e\000\040\000m\000\351\000t\000r\000i\000c\000a\000s\000\040\000c\000o\000r\000r\000i\000g\000i\000d\000a\000s}{subsection.8.5}% 56
\BOOKMARK [3][-]{subsubsection.8.5.2}{\376\377\000T\000a\000b\000e\000l\000a\000-\000m\000e\000s\000t\000r\000e\000\040\000f\000i\000n\000a\000l}{subsection.8.5}% 57
\BOOKMARK [3][-]{subsubsection.8.5.3}{\376\377\000I\000n\000v\000i\000a\000b\000i\000l\000i\000d\000a\000d\000e\000\040\000e\000s\000t\000r\000u\000t\000u\000r\000a\000l\000\040\000d\000o\000\040\000A\000N\000D\000\040\000t\000e\000m\000p\000o\000r\000a\000l}{subsection.8.5}% 58
\BOOKMARK [3][-]{subsubsection.8.5.4}{\376\377\000I\000n\000t\000e\000r\000v\000a\000l\000o\000s\000\040\000d\000e\000\040\000c\000o\000n\000f\000i\000a\000n\000\347\000a\000\040\000d\000e\000\040\000W\000i\000l\000s\000o\000n\000\040\000p\000a\000r\000a\000\040\000F\000A\000R\000=\0000}{subsection.8.5}% 59
\BOOKMARK [3][-]{subsubsection.8.5.5}{\376\377\000R\000e\000c\000o\000m\000e\000n\000d\000a\000\347\000\343\000o\000\040\000o\000p\000e\000r\000a\000c\000i\000o\000n\000a\000l\000\040\000f\000i\000n\000a\000l}{subsection.8.5}% 60
\BOOKMARK [3][-]{subsubsection.8.5.6}{\376\377\000A\000r\000t\000e\000f\000a\000c\000t\000o\000s\000\040\000d\000o\000\040\000M\000\352\000s\000\040\0009}{subsection.8.5}% 61
\BOOKMARK [1][-]{section.9}{\376\377\000M\000\352\000s\000\040\0001\0000\000\040\040\024\000\040\000F\000e\000c\000h\000a\000m\000e\000n\000t\000o\000\040\000d\000a\000s\000\040\000p\000e\000n\000d\000\352\000n\000c\000i\000a\000s\000\040\000d\000a\000\040\000r\000e\000v\000i\000s\000\343\000o}{}% 62
\BOOKMARK [2][-]{subsection.9.1}{\376\377\000L\000a\000t\000\352\000n\000c\000i\000a\000\040\000d\000e\000\040\000d\000e\000t\000e\000c\000\347\000\343\000o\000\040\000n\000o\000\040\000s\000t\000r\000e\000a\000m\000\040\000r\000e\000a\000l}{section.9}% 63
\BOOKMARK [2][-]{subsection.9.2}{\376\377\000I\000n\000d\000e\000p\000e\000n\000d\000\352\000n\000c\000i\000a\000\040\000d\000o\000\040\000s\000t\000r\000e\000a\000m\000\040\000e\000\040\000r\000o\000b\000u\000s\000t\000e\000z\000\040\000d\000a\000\040\000F\000A\000R}{section.9}% 64
\BOOKMARK [2][-]{subsection.9.3}{\376\377\000E\000n\000s\000e\000m\000b\000l\000e\000\040\000A\000N\000D\000\040\000d\000e\000\040\000m\000e\000s\000m\000a\000\040\000e\000s\000c\000a\000l\000a\000\040\000t\000e\000m\000p\000o\000r\000a\000l}{section.9}% 65
\BOOKMARK [2][-]{subsection.9.4}{\376\377\000E\000W\000C\000\040\000n\000o\000\040\000r\000e\000g\000i\000m\000e\000\040\0001\0000\0005}{section.9}% 66
\BOOKMARK [1][-]{section.10}{\376\377\000A\000n\000\341\000l\000i\000s\000e\000\040\000c\000r\000\355\000t\000i\000c\000a\000\040\000e\000\040\000t\000e\000s\000e\000\040\000c\000e\000n\000t\000r\000a\000l\000\040\000\050\000r\000e\000v\000i\000s\000a\000d\000a\000\040\000a\000p\000\363\000s\000\040\000M\000\352\000s\000\040\0009\000\051}{}% 67
\BOOKMARK [2][-]{subsection.10.1}{\376\377\000\301\000r\000v\000o\000r\000e\000\040\000d\000e\000\040\000d\000e\000c\000i\000s\000\343\000o\000\040\000p\000a\000r\000a\000\040\000o\000\040\000c\000e\000n\000\341\000r\000i\000o\000\040\000d\000o\000\040\000t\000r\000a\000b\000a\000l\000h\000o}{section.10}% 68
\BOOKMARK [2][-]{subsection.10.2}{\376\377\000T\000e\000s\000e\000\040\000c\000e\000n\000t\000r\000a\000l\000\040\040\024\000\040\000C\000e\000n\000\341\000r\000i\000o\000\040\0003\000\040\000r\000e\000f\000o\000r\000m\000u\000l\000a\000d\000o}{section.10}% 69
\BOOKMARK [3][-]{subsubsection.10.2.1}{\376\377\000S\000u\000p\000o\000r\000t\000e\000\040\000n\000u\000m\000\351\000r\000i\000c\000o\000\040\000a\000m\000a\000l\000g\000a\000m\000a\000d\000o}{subsection.10.2}% 70
\BOOKMARK [2][-]{subsection.10.3}{\376\377\000L\000e\000i\000t\000u\000r\000a\000\040\000c\000r\000u\000z\000a\000d\000a\000\040\000d\000a\000s\000\040\000f\000i\000g\000u\000r\000a\000s}{section.10}% 71
\BOOKMARK [1][-]{section.11}{\376\377\000L\000i\000m\000i\000t\000a\000\347\000\365\000e\000s\000\040\000h\000o\000n\000e\000s\000t\000a\000s}{}% 72
\BOOKMARK [1][-]{section.12}{\376\377\000P\000r\000\363\000x\000i\000m\000o\000s\000\040\000p\000a\000s\000s\000o\000s}{}% 73
